Microchip MPLAB XC8 Compiler V1.33 ()

Linker command line:

--edf=C:\Program Files (x86)\Microchip\xc8\v1.33\dat\en_msgs.txt -cs \
  -h+CS5_Group16.sym --cmf=CS5_Group16.cmf -z -Q16F737 \
  -oC:\Users\ROBERT~1\AppData\Local\Temp\se0o.6 -MCS5_Group16.map -E1 \
  -ver=XC8 -ASTACK=0110h-016fh -pstack=STACK -ACONST=00h-0FFhx16 \
  -ACODE=00h-07FFhx2 -ASTRCODE=00h-0FFFh -AENTRY=00h-0FFhx16 \
  -ASTRING=00h-0FFhx16 -ACOMMON=070h-07Fh -ABANK0=020h-06Fh \
  -ABANK1=0A0h-0EFh -ABANK2=0110h-016Fh -ABANK3=0190h-01EFh \
  -ARAM=020h-06Fh,0A0h-0EFh,0110h-016Fh,0190h-01EFh \
  -AABS1=020h-07Fh,0A0h-0EFh,0110h-016Fh,0190h-01EFh -ASFR0=00h-01Fh \
  -ASFR1=080h-09Fh -ASFR2=0100h-010Fh -ASFR3=0180h-018Fh \
  -preset_vec=00h,intentry=04h,init,end_init -ppowerup=CODE -pcinit=CODE \
  -pfunctab=CODE -ACONFIG=02007h-02008h -pconfig=CONFIG -DCONFIG=2 \
  -AIDLOC=02000h-02003h -pidloc=IDLOC -DIDLOC=2 -DCODE=2 -DSTRCODE=2 \
  -DSTRING=2 -DCONST=2 -DENTRY=2 -k startup.obj CS5_Group16.obj 

Object code version is 3.11

Machine type is 16F737



                Name                               Link     Load   Length Selector   Space Scale
startup.obj     end_init                             11       11        2        8       0
                reset_vec                             0        0        2        0       0
                config                             2007     2007        2     400E       0
CS5_Group16.obj cinit                                13       13        E        8       0
                intentry                              4        4        D        8       0
                text19                              5F2      5F2       5B        8       0
                text18                              68E      68E       3E        8       0
                text17                              457      457       6A        8       0
                text16                              6F7      6F7       24        8       0
                text15                              593      593       5F        8       0
                text14                              286      286       D2        8       0
                text13                              358      358       8E        8       0
                text12                              3E6      3E6       71        8       0
                text11                              77B      77B       10        8       0
                text10                              6CC      6CC       2B        8       0
                text9                               78B      78B        F        8       0
                text8                               52A      52A       69        8       0
                text7                                21       21      14B        8       0
                text6                               16C      16C      11A        8       0
                text5                               4C1      4C1       69        8       0
                text4                               79A      79A        C        8       0
                text3                               73E      73E       23        8       0
                text2                               761      761       1A        8       0
                text1                               64D      64D       41        8       0
                maintext                            71B      71B       23        8       0
                cstackBANK0                          20       20       2E       20       1
                cstackCOMMON                         70       70        9       70       1
                cstackBANK1                          A0       A0        5       A0       1
                clrtext                             7A6      7A6        8        8       0
                bssBANK0                             4E       4E        E       20       1
                bssCOMMON                            79       79        5       70       1
                nvBANK1                              A5       A5        3       A0       1
                nvBANK0                              5C       5C        D       20       1

TOTAL           Name                               Link     Load   Length     Space
        CLASS   STACK          

        CLASS   CONST          

        CLASS   CODE           
                end_init                             11       11        2         0
                cinit                                13       13        E         0
                intentry                              4        4        D         0
                reset_vec                             0        0        2         0
                text19                              5F2      5F2       5B         0
                text18                              68E      68E       3E         0
                text17                              457      457       6A         0
                text16                              6F7      6F7       24         0
                text15                              593      593       5F         0
                text14                              286      286       D2         0
                text13                              358      358       8E         0
                text12                              3E6      3E6       71         0
                text11                              77B      77B       10         0
                text10                              6CC      6CC       2B         0
                text9                               78B      78B        F         0
                text8                               52A      52A       69         0
                text7                                21       21      14B         0
                text6                               16C      16C      11A         0
                text5                               4C1      4C1       69         0
                text4                               79A      79A        C         0
                text3                               73E      73E       23         0
                text2                               761      761       1A         0
                text1                               64D      64D       41         0
                maintext                            71B      71B       23         0
                clrtext                             7A6      7A6        8         0

        CLASS   STRCODE        

        CLASS   ENTRY          

        CLASS   STRING         

        CLASS   COMMON         
                cstackCOMMON                         70       70        9         1
                bssCOMMON                            79       79        5         1

        CLASS   BANK0          
                cstackBANK0                          20       20       2E         1
                bssBANK0                             4E       4E        E         1
                nvBANK0                              5C       5C        D         1

        CLASS   BANK1          
                cstackBANK1                          A0       A0        5         1
                nvBANK1                              A5       A5        3         1

        CLASS   BANK2          

        CLASS   BANK3          

        CLASS   RAM            

        CLASS   ABS1           
                abs_s1                               7E       7E        2         1

        CLASS   SFR0           

        CLASS   SFR1           

        CLASS   SFR2           

        CLASS   SFR3           

        CLASS   CONFIG         
                config                             2007     2007        2         0

        CLASS   IDLOC          

        CLASS   EEDATA         



SEGMENTS        Name                           Load    Length   Top    Selector   Space  Class     Delta

                reset_vec                      000000  000002  000002         0       0  CODE        2
                intentry                       000004  0007AA  0007AE         8       0  CODE        2
                cstackBANK0                    000020  000049  000069        20       1  BANK0       1
                cstackCOMMON                   000070  00000E  00007E        70       1  COMMON      1
                cstackBANK1                    0000A0  000008  0000A8        A0       1  BANK1       1
                config                         002007  000002  002009      400E       0  CONFIG      2


UNUSED ADDRESS RANGES

        Name                Unused          Largest block    Delta
        BANK0            0069-006F              7           1
        BANK1            00A8-00EF             48           1
        BANK2            0110-016F             60           1
        BANK3            0190-01EF             60           1
        CODE             0002-0003              2           2
                         07AE-0FFF             52
        CONST            0002-0003              2           2
                         07AE-0FFF            100
        ENTRY            0002-0003              2           2
                         07AE-0FFF            100
        IDLOC            2000-2003              4           2
        RAM              0069-006F              7           1
                         00A8-00EF             48
                         0110-016F             60
                         0190-01EF             60
        SFR0             0000-001F             20           1
        SFR1             0080-009F             20           1
        SFR2             0100-010F             10           1
        SFR3             0180-018F             10           1
        STACK            0110-016F             60           1
        STRCODE          0002-0003              2           2
                         07AE-0FFF            852
        STRING           0002-0003              2           2
                         07AE-0FFF            100

                                  Symbol Table

?___awdiv                cstackCOMMON 0070
?___awtoft               cstackBANK0  002E
?___ftadd                cstackBANK0  0044
?___ftmul                cstackBANK0  0034
?___ftpack               cstackBANK0  0026
?___fttol                cstackBANK0  0026
_ADCON0                  (abs)        001F
_ADCON1                  (abs)        009F
_ADIE                    (abs)        0466
_ADIF                    (abs)        0066
_ADRESH                  (abs)        001E
_CCP1CON                 (abs)        0017
_CCPR1L                  (abs)        0015
_Count                   bssCOMMON    0079
_GIE                     (abs)        005F
_GO                      (abs)        00FA
_K_d                     nvBANK1      00A5
_K_i                     nvBANK0      005C
_K_p                     nvBANK0      005F
_Mode0                   text8        052A
_Mode3                   text5        04C1
_PControl                text12       03E6
_PEIE                    (abs)        005E
_PIDControl              text6        016C
_PORTB                   (abs)        0006
_PORTC                   (abs)        0007
_PR2                     (abs)        0092
_RC4                     (abs)        003C
_RC5                     (abs)        003D
_Speed                   bssBANK0     004E
_State                   bssCOMMON    007D
_SwitchDelay             text4        079A
_T2CON                   (abs)        0012
_TRISA                   (abs)        0085
_TRISB                   (abs)        0086
_TRISC                   (abs)        0087
__CFG_BOREN$OFF          (abs)        0000
__CFG_BORSEN$OFF         (abs)        0000
__CFG_BORV$20            (abs)        0000
__CFG_CP$OFF             (abs)        0000
__CFG_DEBUG$OFF          (abs)        0000
__CFG_FCMEN$OFF          (abs)        0000
__CFG_FOSC$HS            (abs)        0000
__CFG_IESO$OFF           (abs)        0000
__CFG_MCLRE$ON           (abs)        0000
__CFG_PWRTE$ON           (abs)        0000
__CFG_WDTE$OFF           (abs)        0000
__Habs1                  abs1         0000
__Hbank0                 bank0        0000
__Hbank1                 bank1        0000
__Hbank2                 bank2        0000
__Hbank3                 bank3        0000
__HbssBANK0              bssBANK0     0000
__HbssCOMMON             bssCOMMON    0000
__Hcinit                 cinit        0021
__Hclrtext               clrtext      0000
__Hcode                  code         0000
__Hcommon                common       0000
__Hconfig                config       2009
__HcstackBANK0           cstackBANK0  0000
__HcstackBANK1           cstackBANK1  0000
__HcstackCOMMON          cstackCOMMON 0000
__Heeprom_data           eeprom_data  0000
__Hend_init              end_init     0013
__Hfunctab               functab      0000
__Hidloc                 idloc        0000
__Hinit                  init         0011
__Hintentry              intentry     0011
__Hmaintext              maintext     0000
__HnvBANK0               nvBANK0      0000
__HnvBANK1               nvBANK1      0000
__Hpowerup               powerup      0000
__Hram                   ram          0000
__Hreset_vec             reset_vec    0002
__Hsfr0                  sfr0         0000
__Hsfr1                  sfr1         0000
__Hsfr2                  sfr2         0000
__Hsfr3                  sfr3         0000
__Hspace_0               (abs)        2009
__Hspace_1               (abs)        00A8
__Hspace_2               (abs)        0000
__Hspace_3               (abs)        0000
__Hstack                 stack        0000
__Hstrings               strings      0000
__Htext                  text         0000
__Labs1                  abs1         0000
__Lbank0                 bank0        0000
__Lbank1                 bank1        0000
__Lbank2                 bank2        0000
__Lbank3                 bank3        0000
__LbssBANK0              bssBANK0     0000
__LbssCOMMON             bssCOMMON    0000
__Lcinit                 cinit        0013
__Lclrtext               clrtext      0000
__Lcode                  code         0000
__Lcommon                common       0000
__Lconfig                config       2007
__LcstackBANK0           cstackBANK0  0000
__LcstackBANK1           cstackBANK1  0000
__LcstackCOMMON          cstackCOMMON 0000
__Leeprom_data           eeprom_data  0000
__Lend_init              end_init     0011
__Lfunctab               functab      0000
__Lidloc                 idloc        0000
__Linit                  init         0011
__Lintentry              intentry     0004
__Lmaintext              maintext     0000
__LnvBANK0               nvBANK0      0000
__LnvBANK1               nvBANK1      0000
__Lpowerup               powerup      0000
__Lram                   ram          0000
__Lreset_vec             reset_vec    0000
__Lsfr0                  sfr0         0000
__Lsfr1                  sfr1         0000
__Lsfr2                  sfr2         0000
__Lsfr3                  sfr3         0000
__Lspace_0               (abs)        0000
__Lspace_1               (abs)        0000
__Lspace_2               (abs)        0000
__Lspace_3               (abs)        0000
__Lstack                 stack        0000
__Lstrings               strings      0000
__Ltext                  text         0000
__S0                     (abs)        2009
__S1                     (abs)        00A8
__S2                     (abs)        0000
___awdiv                 text19       05F2
___awdiv@counter         cstackCOMMON 0075
___awdiv@dividend        cstackCOMMON 0072
___awdiv@divisor         cstackCOMMON 0070
___awdiv@quotient        cstackCOMMON 0077
___awdiv@sign            cstackCOMMON 0076
___awtoft                text16       06F7
___awtoft@c              cstackBANK0  002E
___awtoft@sign           cstackBANK0  0033
___ftadd                 text7        0021
___ftadd@exp1            cstackBANK1  00A2
___ftadd@exp2            cstackBANK1  00A1
___ftadd@f1              cstackBANK0  0044
___ftadd@f2              cstackBANK0  0047
___ftadd@sign            cstackBANK1  00A0
___ftge                  text15       0593
___ftge@ff1              cstackBANK0  0026
___ftge@ff2              cstackBANK0  0029
___ftmul                 text14       0286
___ftmul@cntr            cstackBANK0  0042
___ftmul@exp             cstackBANK0  003E
___ftmul@f1              cstackBANK0  0034
___ftmul@f2              cstackBANK0  0037
___ftmul@f3_as_product   cstackBANK0  003F
___ftmul@sign            cstackBANK0  0043
___ftpack                text17       0457
___ftpack@arg            cstackBANK0  0026
___ftpack@exp            cstackBANK0  0029
___ftpack@sign           cstackBANK0  002A
___fttol                 text13       0358
___fttol@exp1            cstackBANK0  0033
___fttol@f1              cstackBANK0  0026
___fttol@lval            cstackBANK0  002F
___fttol@sign1           cstackBANK0  002E
___int_sp                stack        0000
___latbits               (abs)        0001
___sp                    stack        0000
__end_of_Mode0           text8        0593
__end_of_Mode3           text5        052A
__end_of_PControl        text12       0457
__end_of_PIDControl      text6        0286
__end_of_SwitchDelay     text4        07A6
__end_of___awdiv         text19       064D
__end_of___awtoft        text16       071B
__end_of___ftadd         text7        016C
__end_of___ftge          text15       05F2
__end_of___ftmul         text14       0358
__end_of___ftpack        text17       04C1
__end_of___fttol         text13       03E6
__end_of__initialization cinit        001E
__end_of_brakeFlash      text10       06F7
__end_of_countUp         text9        079A
__end_of_flashDelay      text11       078B
__end_of_indexMotor      text3        0761
__end_of_initAtoD_PWM    text2        077B
__end_of_initPort        text1        068E
__end_of_isrAD           text18       06CC
__end_of_main            maintext     073E
__initialization         cinit        0013
__pbssBANK0              bssBANK0     004E
__pbssCOMMON             bssCOMMON    0079
__pcstackBANK0           cstackBANK0  0020
__pcstackBANK1           cstackBANK1  00A0
__pcstackCOMMON          cstackCOMMON 0070
__pintentry              intentry     0004
__pmaintext              maintext     071B
__pnvBANK0               nvBANK0      005C
__pnvBANK1               nvBANK1      00A5
__ptext1                 text1        064D
__ptext10                text10       06CC
__ptext11                text11       077B
__ptext12                text12       03E6
__ptext13                text13       0358
__ptext14                text14       0286
__ptext15                text15       0593
__ptext16                text16       06F7
__ptext17                text17       0457
__ptext18                text18       068E
__ptext19                text19       05F2
__ptext2                 text2        0761
__ptext3                 text3        073E
__ptext4                 text4        079A
__ptext5                 text5        04C1
__ptext6                 text6        016C
__ptext7                 text7        0021
__ptext8                 text8        052A
__ptext9                 text9        078B
__size_of_Mode0          (abs)        0000
__size_of_Mode3          (abs)        0000
__size_of_PControl       (abs)        0000
__size_of_PIDControl     (abs)        0000
__size_of_SwitchDelay    (abs)        0000
__size_of___awdiv        (abs)        0000
__size_of___awtoft       (abs)        0000
__size_of___ftadd        (abs)        0000
__size_of___ftge         (abs)        0000
__size_of___ftmul        (abs)        0000
__size_of___ftpack       (abs)        0000
__size_of___fttol        (abs)        0000
__size_of_brakeFlash     (abs)        0000
__size_of_countUp        (abs)        0000
__size_of_flashDelay     (abs)        0000
__size_of_indexMotor     (abs)        0000
__size_of_initAtoD_PWM   (abs)        0000
__size_of_initPort       (abs)        0000
__size_of_isrAD          (abs)        0000
__size_of_main           (abs)        0000
_aSpeed                  bssBANK0     0050
_baseVel                 bssBANK0     0052
_blackButton             (abs)        002C
_brake                   (abs)        0039
_brakeFlash              text10       06CC
_countUp                 text9        078B
_duty                    nvBANK0      0062
_eCount                  bssBANK0     0054
_eddySensor              (abs)        003B
_enCount                 bssBANK0     0056
_encoder                 (abs)        003E
_flashDelay              text11       077B
_i                       bssCOMMON    007B
_indexMotor              text3        073E
_initAtoD_PWM            text2        0761
_initPort                text1        064D
_isrAD                   text18       068E
_main                    maintext     071B
_vError                  nvBANK0      0065
_vErrorDiff              bssBANK0     0058
_vErrorInt               bssBANK0     005A
_vRef                    nvBANK0      0067
btemp                    (abs)        007E
clear_ram0               clrtext      07A6
end_of_initialization    cinit        001E
interrupt_function       intentry     0004
intlevel0                functab      0000
intlevel1                functab      0000
intlevel2                functab      0000
intlevel3                functab      0000
intlevel4                functab      0000
intlevel5                functab      0000
ltemp                    (abs)        007E
ltemp0                   (abs)        007E
ltemp1                   (abs)        0082
ltemp2                   (abs)        0086
ltemp3                   (abs)        0080
reset_vec                reset_vec    0000
saved_w                  (abs)        007E
stackhi                  (abs)        0000
stacklo                  (abs)        0000
start                    init         0011
start_initialization     cinit        0013
ttemp                    (abs)        007E
ttemp0                   (abs)        007E
ttemp1                   (abs)        0081
ttemp2                   (abs)        0084
ttemp3                   (abs)        0087
ttemp4                   (abs)        007F
wtemp                    (abs)        007E
wtemp0                   (abs)        007E
wtemp1                   (abs)        0080
wtemp2                   (abs)        0082
wtemp3                   (abs)        0084
wtemp4                   (abs)        0086
wtemp5                   (abs)        0088
wtemp6                   (abs)        007F


FUNCTION INFORMATION:

 *************** function _main *****************
 Defined at:
		line 325 in file "C:\Users\Robert Kydd\Documents\Personal\HW\Mechatronics\CS5 V2\CS5_Group16.c"
 Parameters:    Size  Location     Type
		None
 Auto vars:     Size  Location     Type
		None
 Return value:  Size  Location     Type
		None               void
 Registers used:
		wreg, status,2, status,0, btemp+1, pclath, cstack
 Tracked objects:
		On entry : 
		On exit  : 
		Unchanged: 
 Data sizes:     COMMON   BANK0   BANK1   BANK3   BANK2
      Params:         0       0       0       0       0
      Locals:         0       0       0       0       0
      Temps:          0       0       0       0       0
      Totals:         0       0       0       0       0
Total ram usage:        0 bytes
 Hardware stack levels required when called:    6
 This function calls:
		_Mode0
		_Mode3
		_SwitchDelay
		_indexMotor
		_initAtoD_PWM
		_initPort
 This function is called by:
		Startup code after reset
 This function uses a non-reentrant model


 *************** function _initPort *****************
 Defined at:
		line 92 in file "C:\Users\Robert Kydd\Documents\Personal\HW\Mechatronics\CS5 V2\CS5_Group16.c"
 Parameters:    Size  Location     Type
		None
 Auto vars:     Size  Location     Type
		None
 Return value:  Size  Location     Type
		None               void
 Registers used:
		wreg, status,2
 Tracked objects:
		On entry : 
		On exit  : 
		Unchanged: 
 Data sizes:     COMMON   BANK0   BANK1   BANK3   BANK2
      Params:         0       0       0       0       0
      Locals:         0       0       0       0       0
      Temps:          0       0       0       0       0
      Totals:         0       0       0       0       0
Total ram usage:        0 bytes
 Hardware stack levels used:    1
 Hardware stack levels required when called:    2
 This function calls:
		Nothing
 This function is called by:
		_main
 This function uses a non-reentrant model


 *************** function _initAtoD_PWM *****************
 Defined at:
		line 118 in file "C:\Users\Robert Kydd\Documents\Personal\HW\Mechatronics\CS5 V2\CS5_Group16.c"
 Parameters:    Size  Location     Type
		None
 Auto vars:     Size  Location     Type
		None
 Return value:  Size  Location     Type
		None               void
 Registers used:
		wreg
 Tracked objects:
		On entry : 
		On exit  : 
		Unchanged: 
 Data sizes:     COMMON   BANK0   BANK1   BANK3   BANK2
      Params:         0       0       0       0       0
      Locals:         0       0       0       0       0
      Temps:          0       0       0       0       0
      Totals:         0       0       0       0       0
Total ram usage:        0 bytes
 Hardware stack levels used:    1
 Hardware stack levels required when called:    2
 This function calls:
		Nothing
 This function is called by:
		_main
 This function uses a non-reentrant model


 *************** function _indexMotor *****************
 Defined at:
		line 207 in file "C:\Users\Robert Kydd\Documents\Personal\HW\Mechatronics\CS5 V2\CS5_Group16.c"
 Parameters:    Size  Location     Type
		None
 Auto vars:     Size  Location     Type
		None
 Return value:  Size  Location     Type
		None               void
 Registers used:
		wreg, status,2, status,0, btemp+1, pclath, cstack
 Tracked objects:
		On entry : 
		On exit  : 
		Unchanged: 
 Data sizes:     COMMON   BANK0   BANK1   BANK3   BANK2
      Params:         0       0       0       0       0
      Locals:         0       0       0       0       0
      Temps:          0       0       0       0       0
      Totals:         0       0       0       0       0
Total ram usage:        0 bytes
 Hardware stack levels used:    1
 Hardware stack levels required when called:    5
 This function calls:
		_PControl
 This function is called by:
		_main
 This function uses a non-reentrant model


 *************** function _SwitchDelay *****************
 Defined at:
		line 82 in file "C:\Users\Robert Kydd\Documents\Personal\HW\Mechatronics\CS5 V2\CS5_Group16.c"
 Parameters:    Size  Location     Type
		None
 Auto vars:     Size  Location     Type
		None
 Return value:  Size  Location     Type
		None               void
 Registers used:
		wreg
 Tracked objects:
		On entry : 
		On exit  : 
		Unchanged: 
 Data sizes:     COMMON   BANK0   BANK1   BANK3   BANK2
      Params:         0       0       0       0       0
      Locals:         0       0       0       0       0
      Temps:          0       2       0       0       0
      Totals:         0       2       0       0       0
Total ram usage:        2 bytes
 Hardware stack levels used:    1
 Hardware stack levels required when called:    2
 This function calls:
		Nothing
 This function is called by:
		_main
 This function uses a non-reentrant model


 *************** function _Mode3 *****************
 Defined at:
		line 282 in file "C:\Users\Robert Kydd\Documents\Personal\HW\Mechatronics\CS5 V2\CS5_Group16.c"
 Parameters:    Size  Location     Type
		None
 Auto vars:     Size  Location     Type
		None
 Return value:  Size  Location     Type
		None               void
 Registers used:
		wreg, status,2, status,0, btemp+1, pclath, cstack
 Tracked objects:
		On entry : 
		On exit  : 
		Unchanged: 
 Data sizes:     COMMON   BANK0   BANK1   BANK3   BANK2
      Params:         0       0       0       0       0
      Locals:         0       0       0       0       0
      Temps:          0       0       0       0       0
      Totals:         0       0       0       0       0
Total ram usage:        0 bytes
 Hardware stack levels used:    1
 Hardware stack levels required when called:    5
 This function calls:
		_PIDControl
		_brakeFlash
		_countUp
 This function is called by:
		_main
 This function uses a non-reentrant model


 *************** function _PIDControl *****************
 Defined at:
		line 181 in file "C:\Users\Robert Kydd\Documents\Personal\HW\Mechatronics\CS5 V2\CS5_Group16.c"
 Parameters:    Size  Location     Type
		None
 Auto vars:     Size  Location     Type
		None
 Return value:  Size  Location     Type
		None               void
 Registers used:
		wreg, status,2, status,0, pclath, cstack
 Tracked objects:
		On entry : 
		On exit  : 
		Unchanged: 
 Data sizes:     COMMON   BANK0   BANK1   BANK3   BANK2
      Params:         0       0       0       0       0
      Locals:         0       0       0       0       0
      Temps:          0       0       2       0       0
      Totals:         0       0       2       0       0
Total ram usage:        2 bytes
 Hardware stack levels used:    1
 Hardware stack levels required when called:    4
 This function calls:
		___awtoft
		___ftadd
		___ftge
		___ftmul
		___fttol
 This function is called by:
		_Mode3
 This function uses a non-reentrant model


 *************** function ___ftadd *****************
 Defined at:
		line 86 in file "C:\Program Files (x86)\Microchip\xc8\v1.33\sources\common\ftadd.c"
 Parameters:    Size  Location     Type
  f1              3   36[BANK0 ] float 
  f2              3   39[BANK0 ] float 
 Auto vars:     Size  Location     Type
  exp1            1    2[BANK1 ] unsigned char 
  exp2            1    1[BANK1 ] unsigned char 
  sign            1    0[BANK1 ] unsigned char 
 Return value:  Size  Location     Type
                  3   36[BANK0 ] float 
 Registers used:
		wreg, status,2, status,0, pclath, cstack
 Tracked objects:
		On entry : 
		On exit  : 
		Unchanged: 
 Data sizes:     COMMON   BANK0   BANK1   BANK3   BANK2
      Params:         0       6       0       0       0
      Locals:         0       0       3       0       0
      Temps:          0       4       0       0       0
      Totals:         0      10       3       0       0
Total ram usage:       13 bytes
 Hardware stack levels used:    1
 Hardware stack levels required when called:    3
 This function calls:
		___ftpack
 This function is called by:
		_PIDControl
 This function uses a non-reentrant model


 *************** function _Mode0 *****************
 Defined at:
		line 238 in file "C:\Users\Robert Kydd\Documents\Personal\HW\Mechatronics\CS5 V2\CS5_Group16.c"
 Parameters:    Size  Location     Type
		None
 Auto vars:     Size  Location     Type
		None
 Return value:  Size  Location     Type
		None               void
 Registers used:
		wreg, status,2, status,0, btemp+1, pclath, cstack
 Tracked objects:
		On entry : 
		On exit  : 
		Unchanged: 
 Data sizes:     COMMON   BANK0   BANK1   BANK3   BANK2
      Params:         0       0       0       0       0
      Locals:         0       0       0       0       0
      Temps:          0       0       0       0       0
      Totals:         0       0       0       0       0
Total ram usage:        0 bytes
 Hardware stack levels used:    1
 Hardware stack levels required when called:    5
 This function calls:
		_PControl
		_brakeFlash
		_countUp
 This function is called by:
		_main
 This function uses a non-reentrant model


 *************** function _countUp *****************
 Defined at:
		line 151 in file "C:\Users\Robert Kydd\Documents\Personal\HW\Mechatronics\CS5 V2\CS5_Group16.c"
 Parameters:    Size  Location     Type
		None
 Auto vars:     Size  Location     Type
		None
 Return value:  Size  Location     Type
		None               void
 Registers used:
		wreg, status,2, status,0
 Tracked objects:
		On entry : 
		On exit  : 
		Unchanged: 
 Data sizes:     COMMON   BANK0   BANK1   BANK3   BANK2
      Params:         0       0       0       0       0
      Locals:         0       0       0       0       0
      Temps:          0       0       0       0       0
      Totals:         0       0       0       0       0
Total ram usage:        0 bytes
 Hardware stack levels used:    1
 Hardware stack levels required when called:    2
 This function calls:
		Nothing
 This function is called by:
		_Mode0
		_Mode3
 This function uses a non-reentrant model


 *************** function _brakeFlash *****************
 Defined at:
		line 135 in file "C:\Users\Robert Kydd\Documents\Personal\HW\Mechatronics\CS5 V2\CS5_Group16.c"
 Parameters:    Size  Location     Type
		None
 Auto vars:     Size  Location     Type
		None
 Return value:  Size  Location     Type
		None               void
 Registers used:
		wreg, status,2, status,0, btemp+1, pclath, cstack
 Tracked objects:
		On entry : 
		On exit  : 
		Unchanged: 
 Data sizes:     COMMON   BANK0   BANK1   BANK3   BANK2
      Params:         0       0       0       0       0
      Locals:         0       0       0       0       0
      Temps:          0       0       0       0       0
      Totals:         0       0       0       0       0
Total ram usage:        0 bytes
 Hardware stack levels used:    1
 Hardware stack levels required when called:    3
 This function calls:
		_flashDelay
 This function is called by:
		_Mode0
		_Mode3
 This function uses a non-reentrant model


 *************** function _flashDelay *****************
 Defined at:
		line 87 in file "C:\Users\Robert Kydd\Documents\Personal\HW\Mechatronics\CS5 V2\CS5_Group16.c"
 Parameters:    Size  Location     Type
		None
 Auto vars:     Size  Location     Type
		None
 Return value:  Size  Location     Type
		None               void
 Registers used:
		wreg
 Tracked objects:
		On entry : 
		On exit  : 
		Unchanged: 
 Data sizes:     COMMON   BANK0   BANK1   BANK3   BANK2
      Params:         0       0       0       0       0
      Locals:         0       0       0       0       0
      Temps:          0       3       0       0       0
      Totals:         0       3       0       0       0
Total ram usage:        3 bytes
 Hardware stack levels used:    1
 Hardware stack levels required when called:    2
 This function calls:
		Nothing
 This function is called by:
		_brakeFlash
 This function uses a non-reentrant model


 *************** function _PControl *****************
 Defined at:
		line 160 in file "C:\Users\Robert Kydd\Documents\Personal\HW\Mechatronics\CS5 V2\CS5_Group16.c"
 Parameters:    Size  Location     Type
		None
 Auto vars:     Size  Location     Type
		None
 Return value:  Size  Location     Type
		None               void
 Registers used:
		wreg, status,2, status,0, pclath, cstack
 Tracked objects:
		On entry : 
		On exit  : 
		Unchanged: 
 Data sizes:     COMMON   BANK0   BANK1   BANK3   BANK2
      Params:         0       0       0       0       0
      Locals:         0       0       0       0       0
      Temps:          0       2       0       0       0
      Totals:         0       2       0       0       0
Total ram usage:        2 bytes
 Hardware stack levels used:    1
 Hardware stack levels required when called:    4
 This function calls:
		___awtoft
		___ftge
		___ftmul
		___fttol
 This function is called by:
		_indexMotor
		_Mode0
 This function uses a non-reentrant model


 *************** function ___fttol *****************
 Defined at:
		line 44 in file "C:\Program Files (x86)\Microchip\xc8\v1.33\sources\common\fttol.c"
 Parameters:    Size  Location     Type
  f1              3    6[BANK0 ] float 
 Auto vars:     Size  Location     Type
  lval            4   15[BANK0 ] unsigned long 
  exp1            1   19[BANK0 ] unsigned char 
  sign1           1   14[BANK0 ] unsigned char 
 Return value:  Size  Location     Type
                  4    6[BANK0 ] long 
 Registers used:
		wreg, status,2, status,0
 Tracked objects:
		On entry : 
		On exit  : 
		Unchanged: 
 Data sizes:     COMMON   BANK0   BANK1   BANK3   BANK2
      Params:         0       4       0       0       0
      Locals:         0       6       0       0       0
      Temps:          0       4       0       0       0
      Totals:         0      14       0       0       0
Total ram usage:       14 bytes
 Hardware stack levels used:    1
 Hardware stack levels required when called:    2
 This function calls:
		Nothing
 This function is called by:
		_PControl
		_PIDControl
 This function uses a non-reentrant model


 *************** function ___ftmul *****************
 Defined at:
		line 62 in file "C:\Program Files (x86)\Microchip\xc8\v1.33\sources\common\ftmul.c"
 Parameters:    Size  Location     Type
  f1              3   20[BANK0 ] float 
  f2              3   23[BANK0 ] float 
 Auto vars:     Size  Location     Type
  f3_as_produc    3   31[BANK0 ] unsigned um
  sign            1   35[BANK0 ] unsigned char 
  cntr            1   34[BANK0 ] unsigned char 
  exp             1   30[BANK0 ] unsigned char 
 Return value:  Size  Location     Type
                  3   20[BANK0 ] float 
 Registers used:
		wreg, status,2, status,0, pclath, cstack
 Tracked objects:
		On entry : 
		On exit  : 
		Unchanged: 
 Data sizes:     COMMON   BANK0   BANK1   BANK3   BANK2
      Params:         0       6       0       0       0
      Locals:         0       6       0       0       0
      Temps:          0       4       0       0       0
      Totals:         0      16       0       0       0
Total ram usage:       16 bytes
 Hardware stack levels used:    1
 Hardware stack levels required when called:    3
 This function calls:
		___ftpack
 This function is called by:
		_PControl
		_PIDControl
 This function uses a non-reentrant model


 *************** function ___ftge *****************
 Defined at:
		line 4 in file "C:\Program Files (x86)\Microchip\xc8\v1.33\sources\common\ftge.c"
 Parameters:    Size  Location     Type
  ff1             3    6[BANK0 ] float 
  ff2             3    9[BANK0 ] float 
 Auto vars:     Size  Location     Type
		None
 Return value:  Size  Location     Type
		None               void
 Registers used:
		wreg, status,2, status,0
 Tracked objects:
		On entry : 
		On exit  : 
		Unchanged: 
 Data sizes:     COMMON   BANK0   BANK1   BANK3   BANK2
      Params:         0       6       0       0       0
      Locals:         0       0       0       0       0
      Temps:          0       6       0       0       0
      Totals:         0      12       0       0       0
Total ram usage:       12 bytes
 Hardware stack levels used:    1
 Hardware stack levels required when called:    2
 This function calls:
		Nothing
 This function is called by:
		_PControl
		_PIDControl
 This function uses a non-reentrant model


 *************** function ___awtoft *****************
 Defined at:
		line 32 in file "C:\Program Files (x86)\Microchip\xc8\v1.33\sources\common\awtoft.c"
 Parameters:    Size  Location     Type
  c               2   14[BANK0 ] int 
 Auto vars:     Size  Location     Type
  sign            1   19[BANK0 ] unsigned char 
 Return value:  Size  Location     Type
                  3   14[BANK0 ] float 
 Registers used:
		wreg, status,2, status,0, pclath, cstack
 Tracked objects:
		On entry : 
		On exit  : 
		Unchanged: 
 Data sizes:     COMMON   BANK0   BANK1   BANK3   BANK2
      Params:         0       3       0       0       0
      Locals:         0       1       0       0       0
      Temps:          0       2       0       0       0
      Totals:         0       6       0       0       0
Total ram usage:        6 bytes
 Hardware stack levels used:    1
 Hardware stack levels required when called:    3
 This function calls:
		___ftpack
 This function is called by:
		_PControl
		_PIDControl
 This function uses a non-reentrant model


 *************** function ___ftpack *****************
 Defined at:
		line 62 in file "C:\Program Files (x86)\Microchip\xc8\v1.33\sources\common\float.c"
 Parameters:    Size  Location     Type
  arg             3    6[BANK0 ] unsigned um
  exp             1    9[BANK0 ] unsigned char 
  sign            1   10[BANK0 ] unsigned char 
 Auto vars:     Size  Location     Type
		None
 Return value:  Size  Location     Type
                  3    6[BANK0 ] float 
 Registers used:
		wreg, status,2, status,0
 Tracked objects:
		On entry : 
		On exit  : 
		Unchanged: 
 Data sizes:     COMMON   BANK0   BANK1   BANK3   BANK2
      Params:         0       5       0       0       0
      Locals:         0       0       0       0       0
      Temps:          0       3       0       0       0
      Totals:         0       8       0       0       0
Total ram usage:        8 bytes
 Hardware stack levels used:    1
 Hardware stack levels required when called:    2
 This function calls:
		Nothing
 This function is called by:
		___awtoft
		___ftadd
		___ftmul
 This function uses a non-reentrant model


 *************** function _isrAD *****************
 Defined at:
		line 222 in file "C:\Users\Robert Kydd\Documents\Personal\HW\Mechatronics\CS5 V2\CS5_Group16.c"
 Parameters:    Size  Location     Type
		None
 Auto vars:     Size  Location     Type
		None
 Return value:  Size  Location     Type
		None               void
 Registers used:
		wreg, status,2, status,0, pclath, cstack
 Tracked objects:
		On entry : 
		On exit  : 
		Unchanged: 
 Data sizes:     COMMON   BANK0   BANK1   BANK3   BANK2
      Params:         0       0       0       0       0
      Locals:         0       0       0       0       0
      Temps:          0       6       0       0       0
      Totals:         0       6       0       0       0
Total ram usage:        6 bytes
 Hardware stack levels used:    1
 Hardware stack levels required when called:    1
 This function calls:
		___awdiv
 This function is called by:
		Interrupt level 1
 This function uses a non-reentrant model


 *************** function ___awdiv *****************
 Defined at:
		line 6 in file "C:\Program Files (x86)\Microchip\xc8\v1.33\sources\common\awdiv.c"
 Parameters:    Size  Location     Type
  divisor         2    0[COMMON] int 
  dividend        2    2[COMMON] int 
 Auto vars:     Size  Location     Type
  quotient        2    7[COMMON] int 
  sign            1    6[COMMON] unsigned char 
  counter         1    5[COMMON] unsigned char 
 Return value:  Size  Location     Type
                  2    0[COMMON] int 
 Registers used:
		wreg, status,2, status,0
 Tracked objects:
		On entry : 
		On exit  : 
		Unchanged: 
 Data sizes:     COMMON   BANK0   BANK1   BANK3   BANK2
      Params:         4       0       0       0       0
      Locals:         4       0       0       0       0
      Temps:          1       0       0       0       0
      Totals:         9       0       0       0       0
Total ram usage:        9 bytes
 Hardware stack levels used:    1
 This function calls:
		Nothing
 This function is called by:
		_isrAD
 This function uses a non-reentrant model



MODULE INFORMATION

Module		Function		Class		Link	Load	Size
C:\Program Files (x86)\Microchip\xc8\v1.33\sources\common\ftge.c
		___ftge        		CODE           	0593	0000	95

C:\Program Files (x86)\Microchip\xc8\v1.33\sources\common\ftge.c estimated size: 95

C:\Program Files (x86)\Microchip\xc8\v1.33\sources\common\float.c
		___ftpack      		CODE           	0457	0000	106

C:\Program Files (x86)\Microchip\xc8\v1.33\sources\common\float.c estimated size: 106

C:\Users\Robert Kydd\Documents\Personal\HW\Mechatronics\CS5 V2\CS5_Group16.c
		_Mode3         		CODE           	04C1	0000	105
		_indexMotor    		CODE           	073E	0000	35
		_PControl      		CODE           	03E6	0000	113
		_countUp       		CODE           	078B	0000	15
		_main          		CODE           	071B	0000	35
		_flashDelay    		CODE           	077B	0000	16
		_initPort      		CODE           	064D	0000	65
		_Mode0         		CODE           	052A	0000	105
		_initAtoD_PWM  		CODE           	0761	0000	26
		_SwitchDelay   		CODE           	079A	0000	12
		_brakeFlash    		CODE           	06CC	0000	43
		_isrAD         		CODE           	068E	0000	62
		_PIDControl    		CODE           	016C	0000	282

C:\Users\Robert Kydd\Documents\Personal\HW\Mechatronics\CS5 V2\CS5_Group16.c estimated size: 914

C:\Program Files (x86)\Microchip\xc8\v1.33\sources\common\ftmul.c
		___ftmul       		CODE           	0286	0000	210

C:\Program Files (x86)\Microchip\xc8\v1.33\sources\common\ftmul.c estimated size: 210

C:\Program Files (x86)\Microchip\xc8\v1.33\sources\common\awdiv.c
		___awdiv       		CODE           	05F2	0000	91

C:\Program Files (x86)\Microchip\xc8\v1.33\sources\common\awdiv.c estimated size: 91

shared
		__initializatio		CODE           	0013	0000	11

shared estimated size: 11

C:\Program Files (x86)\Microchip\xc8\v1.33\sources\common\fttol.c
		___fttol       		CODE           	0358	0000	142

C:\Program Files (x86)\Microchip\xc8\v1.33\sources\common\fttol.c estimated size: 142

C:\Program Files (x86)\Microchip\xc8\v1.33\sources\common\awtoft.c
		___awtoft      		CODE           	06F7	0000	36

C:\Program Files (x86)\Microchip\xc8\v1.33\sources\common\awtoft.c estimated size: 36

C:\Program Files (x86)\Microchip\xc8\v1.33\sources\common\ftadd.c
		___ftadd       		CODE           	0021	0000	331

C:\Program Files (x86)\Microchip\xc8\v1.33\sources\common\ftadd.c estimated size: 331

